============================= test session starts =============================
platform win32 -- Python 3.13.14, pytest-9.1.1, pluggy-1.6.0 -- C:\Users\anil\Desktop\Free Game tracker\.venv\Scripts\python.exe
cachedir: .pytest_cache
rootdir: C:\Users\anil\Desktop\Free Game tracker
configfile: pyproject.toml
testpaths: newsroom/tests
plugins: anyio-4.14.2
collecting ... collected 127 items

newsroom/tests/test_amazon_luna.py::test_amazon_luna_standard_added PASSED [  0%]
newsroom/tests/test_amazon_luna.py::test_prime_gaming_claimable_added PASSED [  1%]
newsroom/tests/test_amazon_luna.py::test_luna_events_suppressed_giveaways PASSED [  2%]
newsroom/tests/test_compare.py::test_new_events_are_detected PASSED      [  3%]
newsroom/tests/test_compare.py::test_expired_events_are_detected PASSED  [  3%]
newsroom/tests/test_compare.py::test_ending_soon_only_for_continuing_events PASSED [  4%]
newsroom/tests/test_compare.py::test_new_event_ending_soon_is_reported_as_new_only PASSED [  5%]
newsroom/tests/test_compare.py::test_no_changes_when_identical PASSED    [  6%]
newsroom/tests/test_compare.py::test_has_changes_true_when_something_new PASSED [  7%]
newsroom/tests/test_compare.py::test_deduplicate_keeps_first_per_key PASSED [  7%]
newsroom/tests/test_database.py::test_round_trip_preserves_fields PASSED [  8%]
newsroom/tests/test_database.py::test_event_key_is_unique PASSED         [  9%]
newsroom/tests/test_database.py::test_load_all_events_returns_domain_models PASSED [ 10%]
newsroom/tests/test_database.py::test_loaded_event_is_timezone_aware PASSED [ 11%]
newsroom/tests/test_database.py::test_naive_datetime_is_rejected PASSED  [ 11%]
newsroom/tests/test_database.py::test_sync_inserts_updates_and_preserves_discovered_at PASSED [ 12%]
newsroom/tests/test_database.py::test_sync_prunes_vanished_events PASSED [ 13%]
newsroom/tests/test_database.py::test_new_releases_round_trip_and_prune PASSED [ 14%]
newsroom/tests/test_database.py::test_deals_round_trip_and_prune PASSED  [ 14%]
newsroom/tests/test_epic.py::test_only_currently_free_games_are_returned PASSED [ 15%]
newsroom/tests/test_epic.py::test_excludes_dlc_bundles_discounts_and_upcoming PASSED [ 16%]
newsroom/tests/test_epic.py::test_clean_free_game_is_fully_specified PASSED [ 17%]
newsroom/tests/test_epic.py::test_mystery_giveaway_has_reduced_confidence PASSED [ 18%]
newsroom/tests/test_epic.py::test_nothing_free_after_windows_close PASSED [ 18%]
newsroom/tests/test_epic.py::test_empty_payload_yields_no_events PASSED  [ 19%]
newsroom/tests/test_epic.py::test_parse_epic_datetime_handles_z_suffix PASSED [ 20%]
newsroom/tests/test_epic.py::test_parse_epic_datetime_returns_none_for_garbage PASSED [ 21%]
newsroom/tests/test_epic.py::test_upcoming_free_games_detected PASSED    [ 22%]
newsroom/tests/test_epic.py::test_upcoming_have_future_start_dates PASSED [ 22%]
newsroom/tests/test_gamerpower.py::test_keeps_only_complementary_active_games PASSED [ 23%]
newsroom/tests/test_gamerpower.py::test_first_party_platforms_are_excluded PASSED [ 24%]
newsroom/tests/test_gamerpower.py::test_prime_event_fields PASSED        [ 25%]
newsroom/tests/test_gamerpower.py::test_missing_worth_and_end_reduce_confidence PASSED [ 25%]
newsroom/tests/test_gamerpower.py::test_non_list_payload_is_safe PASSED  [ 26%]
newsroom/tests/test_gamerpower.py::test_end_date_offset_is_applied PASSED [ 27%]
newsroom/tests/test_gog.py::test_only_paid_games_now_free_are_returned PASSED [ 28%]
newsroom/tests/test_gog.py::test_giveaway_event_fields PASSED            [ 29%]
newsroom/tests/test_gog.py::test_empty_payload_yields_no_events PASSED   [ 29%]
newsroom/tests/test_migration.py::test_migration_from_blank PASSED       [ 30%]
newsroom/tests/test_migration.py::test_migration_from_legacy PASSED      [ 31%]
newsroom/tests/test_migration.py::test_idempotent_multiple_runs PASSED   [ 32%]
newsroom/tests/test_models.py::test_minimal_valid_event_defaults PASSED  [ 33%]
newsroom/tests/test_models.py::test_event_key_is_source_and_url PASSED   [ 33%]
newsroom/tests/test_models.py::test_confidence_requires_a_reason PASSED  [ 34%]
newsroom/tests/test_models.py::test_confidence_rejects_blank_reasons PASSED [ 35%]
newsroom/tests/test_models.py::test_confidence_score_bounds PASSED       [ 36%]
newsroom/tests/test_models.py::test_current_price_may_not_exceed_original PASSED [ 37%]
newsroom/tests/test_models.py::test_promotion_end_before_start_is_rejected PASSED [ 37%]
newsroom/tests/test_models.py::test_is_ending_soon_true_within_window PASSED [ 38%]
newsroom/tests/test_models.py::test_is_ending_soon_false_without_end_date PASSED [ 39%]
newsroom/tests/test_models.py::test_is_expired_detects_past_end PASSED   [ 40%]
newsroom/tests/test_notify.py::test_payload_has_one_embed_per_game PASSED [ 40%]
newsroom/tests/test_notify.py::test_no_payload_when_empty PASSED         [ 41%]
newsroom/tests/test_notify.py::test_min_confidence_filters_out_low_scores PASSED [ 42%]
newsroom/tests/test_notify.py::test_more_than_ten_games_are_capped PASSED [ 43%]
newsroom/tests/test_notify.py::test_subscription_events_suppressed PASSED [ 44%]
newsroom/tests/test_notify.py::test_notify_skips_when_no_webhook PASSED  [ 44%]
newsroom/tests/test_notify.py::test_notify_posts_new_giveaways PASSED    [ 45%]
newsroom/tests/test_notify.py::test_breakout_payload_fields PASSED       [ 46%]
newsroom/tests/test_notify.py::test_breakout_payload_none_when_empty PASSED [ 47%]
newsroom/tests/test_notify.py::test_deal_payload_fields PASSED           [ 48%]
newsroom/tests/test_notify.py::test_deal_payload_none_when_empty PASSED  [ 48%]
newsroom/tests/test_notify.py::test_post_is_fault_isolated_on_error PASSED [ 49%]
newsroom/tests/test_notify.py::test_post_retries_after_rate_limit PASSED [ 50%]
newsroom/tests/test_notify.py::test_post_gives_up_after_persistent_rate_limit PASSED [ 51%]
newsroom/tests/test_playstation_plus.py::test_extracts_essential_games PASSED [ 51%]
newsroom/tests/test_playstation_plus.py::test_extracts_catalog_games PASSED [ 52%]
newsroom/tests/test_playstation_plus.py::test_empty_html PASSED          [ 53%]
newsroom/tests/test_playstation_plus.py::test_deluxe_tier_handling PASSED [ 54%]
newsroom/tests/test_playstation_plus.py::test_classics_catalog PASSED    [ 55%]
newsroom/tests/test_quality.py::test_default_gate_passes_everything PASSED [ 55%]
newsroom/tests/test_quality.py::test_subscription_events_pass_gate PASSED [ 56%]
newsroom/tests/test_quality.py::test_min_confidence_rejects_low_scores PASSED [ 57%]
newsroom/tests/test_quality.py::test_require_known_price_rejects_missing_or_zero PASSED [ 58%]
newsroom/tests/test_quality.py::test_unknown_price_allowed_when_not_required PASSED [ 59%]
newsroom/tests/test_quality.py::test_min_price_floor PASSED              [ 59%]
newsroom/tests/test_quality.py::test_users_chosen_gate_combo PASSED      [ 60%]
newsroom/tests/test_report.py::test_markdown_contains_candidate_facts PASSED [ 61%]
newsroom/tests/test_report.py::test_markdown_reports_no_changes PASSED   [ 62%]
newsroom/tests/test_report.py::test_json_structure_and_counts PASSED     [ 62%]
newsroom/tests/test_report.py::test_write_reports_creates_both_files PASSED [ 63%]
newsroom/tests/test_report.py::test_prune_removes_old_reports_but_keeps_latest_and_recent PASSED [ 64%]
newsroom/tests/test_report.py::test_prune_disabled_when_zero PASSED      [ 65%]
newsroom/tests/test_report.py::test_ending_soon_section_included_for_continuing_event PASSED [ 66%]
newsroom/tests/test_run.py::test_first_run_reports_all_new_and_persists PASSED [ 66%]
newsroom/tests/test_run.py::test_second_run_detects_new_and_expired PASSED [ 67%]
newsroom/tests/test_run.py::test_stable_run_reports_no_changes PASSED    [ 68%]
newsroom/tests/test_run.py::test_dry_run_does_not_persist PASSED         [ 69%]
newsroom/tests/test_run.py::test_failing_source_is_isolated PASSED       [ 70%]
newsroom/tests/test_run.py::test_source_filter_selects_subset PASSED     [ 70%]
newsroom/tests/test_run.py::test_latest_reports_are_written PASSED       [ 71%]
newsroom/tests/test_run.py::test_quality_gate_suppresses_surfacing_but_still_stores PASSED [ 72%]
newsroom/tests/test_steam.py::test_only_full_discounts_are_returned PASSED [ 73%]
newsroom/tests/test_steam.py::test_full_discount_event_fields PASSED     [ 74%]
newsroom/tests/test_steam.py::test_missing_expiry_reduces_confidence PASSED [ 74%]
newsroom/tests/test_steam.py::test_empty_payload_yields_no_events PASSED [ 75%]
newsroom/tests/test_steam.py::test_parse_appdetails_extracts_dev_and_publisher PASSED [ 76%]
newsroom/tests/test_steam.py::test_parse_appdetails_handles_failure PASSED [ 77%]
newsroom/tests/test_steam_breakouts.py::test_candidate_appids_from_new_releases PASSED [ 77%]
newsroom/tests/test_steam_breakouts.py::test_parse_release_reads_name_and_date PASSED [ 78%]
newsroom/tests/test_steam_breakouts.py::test_parse_release_handles_day_first_format PASSED [ 79%]
newsroom/tests/test_steam_breakouts.py::test_parse_release_skips_unparseable_or_coming_soon PASSED [ 80%]
newsroom/tests/test_steam_breakouts.py::test_parse_review_summary PASSED [ 81%]
newsroom/tests/test_steam_breakouts.py::test_tier_meets_threshold PASSED [ 81%]
newsroom/tests/test_steam_breakouts.py::test_within_window PASSED        [ 82%]
newsroom/tests/test_steam_deals.py::test_candidate_specials_filters_by_discount PASSED [ 83%]
newsroom/tests/test_steam_deals.py::test_build_deal_fields PASSED        [ 84%]
newsroom/tests/test_steam_deals.py::test_min_reviews_and_tier_are_enforced_by_helpers PASSED [ 85%]
newsroom/tests/test_subscription_domain.py::test_legacy_event_key_unchanged PASSED [ 85%]
newsroom/tests/test_subscription_domain.py::test_subscription_key_differs_by_tier PASSED [ 86%]
newsroom/tests/test_subscription_domain.py::test_subscription_key_differs_by_addition_removal PASSED [ 87%]
newsroom/tests/test_subscription_domain.py::test_normalization_removes_dupes_and_ignores_blanks PASSED [ 88%]
newsroom/tests/test_subscription_domain.py::test_different_platforms_change_key PASSED [ 88%]
newsroom/tests/test_subscription_domain.py::test_different_dates_change_key PASSED [ 89%]
newsroom/tests/test_webapp.py::test_index_serves_html PASSED             [ 90%]
newsroom/tests/test_webapp.py::test_state_reflects_stored_events PASSED  [ 91%]
newsroom/tests/test_webapp.py::test_run_now_triggers_pipeline PASSED     [ 92%]
newsroom/tests/test_webapp.py::test_run_now_is_serialized PASSED         [ 92%]
newsroom/tests/test_xbox_game_pass.py::test_parse_platforms PASSED       [ 93%]
newsroom/tests/test_xbox_game_pass.py::test_parse_plans PASSED           [ 94%]
newsroom/tests/test_xbox_game_pass.py::test_parse_historical_plans PASSED [ 95%]
newsroom/tests/test_xbox_game_pass.py::test_parse_date PASSED            [ 96%]
newsroom/tests/test_xbox_game_pass.py::test_extract_post_sections_and_leakage PASSED [ 96%]
newsroom/tests/test_xbox_game_pass.py::test_extract_sibling_metadata_safety PASSED [ 97%]
newsroom/tests/test_xbox_game_pass.py::test_extract_ea_play_and_day_one PASSED [ 98%]
newsroom/tests/test_xbox_game_pass.py::test_raise_source_error_on_fetch_fail PASSED [ 99%]
newsroom/tests/test_xbox_game_pass.py::test_raise_source_error_on_invalid_xml PASSED [100%]

============================== warnings summary ===============================
.venv\Lib\site-packages\fastapi\testclient.py:1
  C:\Users\anil\Desktop\Free Game tracker\.venv\Lib\site-packages\fastapi\testclient.py:1: StarletteDeprecationWarning: Using `httpx` with `starlette.testclient` is deprecated; install `httpx2` instead.
    from starlette.testclient import TestClient as TestClient  # noqa

-- Docs: https://docs.pytest.org/en/stable/how-to/capture-warnings.html
======================= 127 passed, 1 warning in 32.16s =======================
